// Jest Snapshot v1, https://goo.gl/fbAQLP

exports[`Tests Connected Grid Component with React-Redux  renders Search component correctly 1`] = `
<div
  id="griddiv"
/>
`;
